Fri Aug 28 09:27:10 UTC 2026
Hit:1 https://developer.download.nvidia.com/compute/cuda/repos/ubuntu2404/x86_64  InRelease
Hit:2 http://archive.ubuntu.com/ubuntu noble InRelease
Hit:3 http://security.ubuntu.com/ubuntu noble-security InRelease
Hit:4 http://archive.ubuntu.com/ubuntu noble-updates InRelease
Hit:5 http://archive.ubuntu.com/ubuntu noble-backports InRelease
Reading package lists...
W: https://developer.download.nvidia.com/compute/cuda/repos/ubuntu2404/x86_64/InRelease: Key is stored in legacy trusted.gpg keyring (/etc/apt/trusted.gpg), see the DEPRECATION section in apt-key(8) for details.
Reading package lists...
Building dependency tree...
Reading state information...
openssh-server is already the newest version (1:9.6p1-3ubuntu13.18).
tmux is already the newest version (3.4-1ubuntu0.1).
wget is already the newest version (1.21.4-1ubuntu4.5).
curl is already the newest version (8.5.0-2ubuntu10.13).
less is already the newest version (590-2ubuntu2.1).
locales is already the newest version (2.39-0ubuntu8.8).
sudo is already the newest version (1.9.15p5-3ubuntu5.24.04.2).
software-properties-common is already the newest version (0.99.49.4).
0 upgraded, 0 newly installed, 0 to remove and 40 not upgraded.
Reading package lists...
Building dependency tree...
Reading state information...
git is already the newest version (1:2.43.0-1ubuntu7.3).
rsync is already the newest version (3.2.7-1ubuntu1.5).
0 upgraded, 0 newly installed, 0 to remove and 40 not upgraded.
rm: cannot remove '/etc/forward_port2': No such file or directory
Server listening on 0.0.0.0 port 22.
Server listening on :: port 22.
Fri Aug 28 09:27:14 UTC 2026
Warning: Permanently added 'ssh9.vast.ai' (ED25519) to the list of known hosts.
Error: remote port forwarding failed for listen port 35474
Fri Aug 28 09:27:16 UTC 2026
Warning: Permanently added 'ssh9.vast.ai' (ED25519) to the list of known hosts.
Error: remote port forwarding failed for listen port 35474
Fri Aug 28 09:27:18 UTC 2026
Warning: Permanently added 'ssh9.vast.ai' (ED25519) to the list of known hosts.
Error: remote port forwarding failed for listen port 35474
Fri Aug 28 09:27:20 UTC 2026
Warning: Permanently added 'ssh9.vast.ai' (ED25519) to the list of known hosts.
Error: remote port forwarding failed for listen port 35474
Fri Aug 28 09:27:23 UTC 2026
Warning: Permanently added 'ssh9.vast.ai' (ED25519) to the list of known hosts.
Error: remote port forwarding failed for listen port 35474
Fri Aug 28 09:27:25 UTC 2026
Warning: Permanently added 'ssh9.vast.ai' (ED25519) to the list of known hosts.
Error: remote port forwarding failed for listen port 35474
Fri Aug 28 09:27:27 UTC 2026
Warning: Permanently added 'ssh9.vast.ai' (ED25519) to the list of known hosts.
Error: remote port forwarding failed for listen port 35474
Fri Aug 28 09:27:29 UTC 2026
Warning: Permanently added 'ssh9.vast.ai' (ED25519) to the list of known hosts.
Error: remote port forwarding failed for listen port 35474
Fri Aug 28 09:27:32 UTC 2026
Warning: Permanently added 'ssh9.vast.ai' (ED25519) to the list of known hosts.
Error: remote port forwarding failed for listen port 35474
Fri Aug 28 09:27:34 UTC 2026
Warning: Permanently added 'ssh9.vast.ai' (ED25519) to the list of known hosts.
Error: remote port forwarding failed for listen port 35474
Fri Aug 28 09:27:36 UTC 2026
Warning: Permanently added 'ssh9.vast.ai' (ED25519) to the list of known hosts.
Error: remote port forwarding failed for listen port 35474
Fri Aug 28 09:27:38 UTC 2026
Warning: Permanently added 'ssh9.vast.ai' (ED25519) to the list of known hosts.
Error: remote port forwarding failed for listen port 35474
Fri Aug 28 09:27:41 UTC 2026
Warning: Permanently added 'ssh9.vast.ai' (ED25519) to the list of known hosts.
Error: remote port forwarding failed for listen port 35474
Fri Aug 28 09:27:43 UTC 2026
Warning: Permanently added 'ssh9.vast.ai' (ED25519) to the list of known hosts.
Error: remote port forwarding failed for listen port 35474
Fri Aug 28 09:27:45 UTC 2026
Warning: Permanently added 'ssh9.vast.ai' (ED25519) to the list of known hosts.
Error: remote port forwarding failed for listen port 35474
Fri Aug 28 09:27:47 UTC 2026
Warning: Permanently added 'ssh9.vast.ai' (ED25519) to the list of known hosts.
Error: remote port forwarding failed for listen port 35474
Fri Aug 28 09:27:49 UTC 2026
Warning: Permanently added 'ssh9.vast.ai' (ED25519) to the list of known hosts.
Error: remote port forwarding failed for listen port 35474
Fri Aug 28 09:27:52 UTC 2026
Warning: Permanently added 'ssh9.vast.ai' (ED25519) to the list of known hosts.
Error: remote port forwarding failed for listen port 35474
Fri Aug 28 09:27:54 UTC 2026
Warning: Permanently added 'ssh9.vast.ai' (ED25519) to the list of known hosts.
Error: remote port forwarding failed for listen port 35474
Fri Aug 28 09:27:56 UTC 2026
Warning: Permanently added 'ssh9.vast.ai' (ED25519) to the list of known hosts.
Error: remote port forwarding failed for listen port 35474
Fri Aug 28 09:27:58 UTC 2026
Warning: Permanently added 'ssh9.vast.ai' (ED25519) to the list of known hosts.
Error: remote port forwarding failed for listen port 35474
Fri Aug 28 09:28:01 UTC 2026
Warning: Permanently added 'ssh9.vast.ai' (ED25519) to the list of known hosts.
Error: remote port forwarding failed for listen port 35474
Fri Aug 28 09:28:03 UTC 2026
Warning: Permanently added 'ssh9.vast.ai' (ED25519) to the list of known hosts.
Error: remote port forwarding failed for listen port 35474
Fri Aug 28 09:28:05 UTC 2026
Warning: Permanently added 'ssh9.vast.ai' (ED25519) to the list of known hosts.
Error: remote port forwarding failed for listen port 35474
Fri Aug 28 09:28:07 UTC 2026
Warning: Permanently added 'ssh9.vast.ai' (ED25519) to the list of known hosts.
Error: remote port forwarding failed for listen port 35474
Fri Aug 28 09:28:10 UTC 2026
Warning: Permanently added 'ssh9.vast.ai' (ED25519) to the list of known hosts.
Error: remote port forwarding failed for listen port 35474
Fri Aug 28 09:28:12 UTC 2026
Warning: Permanently added 'ssh9.vast.ai' (ED25519) to the list of known hosts.
Error: remote port forwarding failed for listen port 35474
Fri Aug 28 09:28:14 UTC 2026
Warning: Permanently added 'ssh9.vast.ai' (ED25519) to the list of known hosts.
Error: remote port forwarding failed for listen port 35474
Fri Aug 28 09:28:16 UTC 2026
Warning: Permanently added 'ssh9.vast.ai' (ED25519) to the list of known hosts.
Error: remote port forwarding failed for listen port 35474
Fri Aug 28 09:28:18 UTC 2026
Warning: Permanently added 'ssh9.vast.ai' (ED25519) to the list of known hosts.
Error: remote port forwarding failed for listen port 35474
Fri Aug 28 09:28:21 UTC 2026
Warning: Permanently added 'ssh9.vast.ai' (ED25519) to the list of known hosts.
Error: remote port forwarding failed for listen port 35474
Fri Aug 28 09:28:23 UTC 2026
Warning: Permanently added 'ssh9.vast.ai' (ED25519) to the list of known hosts.
Error: remote port forwarding failed for listen port 35474
Fri Aug 28 09:28:25 UTC 2026
Warning: Permanently added 'ssh9.vast.ai' (ED25519) to the list of known hosts.
Error: remote port forwarding failed for listen port 35474
Fri Aug 28 09:28:27 UTC 2026
Warning: Permanently added 'ssh9.vast.ai' (ED25519) to the list of known hosts.
Error: remote port forwarding failed for listen port 35474
Fri Aug 28 09:28:30 UTC 2026
Warning: Permanently added 'ssh9.vast.ai' (ED25519) to the list of known hosts.
Error: remote port forwarding failed for listen port 35474
Fri Aug 28 09:28:32 UTC 2026
Warning: Permanently added 'ssh9.vast.ai' (ED25519) to the list of known hosts.
Error: remote port forwarding failed for listen port 35474
Fri Aug 28 09:28:34 UTC 2026
Warning: Permanently added 'ssh9.vast.ai' (ED25519) to the list of known hosts.
Error: remote port forwarding failed for listen port 35474
Fri Aug 28 09:28:36 UTC 2026
Warning: Permanently added 'ssh9.vast.ai' (ED25519) to the list of known hosts.
Error: remote port forwarding failed for listen port 35474
Fri Aug 28 09:28:39 UTC 2026
Warning: Permanently added 'ssh9.vast.ai' (ED25519) to the list of known hosts.
Error: remote port forwarding failed for listen port 35474
Fri Aug 28 09:28:41 UTC 2026
Warning: Permanently added 'ssh9.vast.ai' (ED25519) to the list of known hosts.
Error: remote port forwarding failed for listen port 35474
Fri Aug 28 09:28:43 UTC 2026
Warning: Permanently added 'ssh9.vast.ai' (ED25519) to the list of known hosts.
Error: remote port forwarding failed for listen port 35474
Fri Aug 28 09:28:45 UTC 2026
Warning: Permanently added 'ssh9.vast.ai' (ED25519) to the list of known hosts.
Error: remote port forwarding failed for listen port 35474
Fri Aug 28 09:28:47 UTC 2026
Warning: Permanently added 'ssh9.vast.ai' (ED25519) to the list of known hosts.
Error: remote port forwarding failed for listen port 35474
Fri Aug 28 09:28:50 UTC 2026
Warning: Permanently added 'ssh9.vast.ai' (ED25519) to the list of known hosts.
Error: remote port forwarding failed for listen port 35474
Fri Aug 28 09:28:52 UTC 2026
Warning: Permanently added 'ssh9.vast.ai' (ED25519) to the list of known hosts.
Error: remote port forwarding failed for listen port 35474
Fri Aug 28 09:28:54 UTC 2026
Warning: Permanently added 'ssh9.vast.ai' (ED25519) to the list of known hosts.
Error: remote port forwarding failed for listen port 35474
Fri Aug 28 09:28:56 UTC 2026
Warning: Permanently added 'ssh9.vast.ai' (ED25519) to the list of known hosts.
Error: remote port forwarding failed for listen port 35474
Fri Aug 28 09:28:59 UTC 2026
Warning: Permanently added 'ssh9.vast.ai' (ED25519) to the list of known hosts.
Error: remote port forwarding failed for listen port 35474
Fri Aug 28 09:29:01 UTC 2026
Warning: Permanently added 'ssh9.vast.ai' (ED25519) to the list of known hosts.
Error: remote port forwarding failed for listen port 35474
Fri Aug 28 09:29:03 UTC 2026
Warning: Permanently added 'ssh9.vast.ai' (ED25519) to the list of known hosts.
Error: remote port forwarding failed for listen port 35474
Fri Aug 28 09:29:05 UTC 2026
Warning: Permanently added 'ssh9.vast.ai' (ED25519) to the list of known hosts.
Error: remote port forwarding failed for listen port 35474
Fri Aug 28 09:29:07 UTC 2026
Warning: Permanently added 'ssh9.vast.ai' (ED25519) to the list of known hosts.
Error: remote port forwarding failed for listen port 35474
Fri Aug 28 09:29:10 UTC 2026
Warning: Permanently added 'ssh9.vast.ai' (ED25519) to the list of known hosts.
Error: remote port forwarding failed for listen port 35474
Fri Aug 28 09:29:12 UTC 2026
Warning: Permanently added 'ssh9.vast.ai' (ED25519) to the list of known hosts.
Error: remote port forwarding failed for listen port 35474
Fri Aug 28 09:29:14 UTC 2026
Warning: Permanently added 'ssh9.vast.ai' (ED25519) to the list of known hosts.
Error: remote port forwarding failed for listen port 35474
Fri Aug 28 09:29:16 UTC 2026
Warning: Permanently added 'ssh9.vast.ai' (ED25519) to the list of known hosts.
Error: remote port forwarding failed for listen port 35474
Fri Aug 28 09:29:19 UTC 2026
Warning: Permanently added 'ssh9.vast.ai' (ED25519) to the list of known hosts.
Error: remote port forwarding failed for listen port 35474
Fri Aug 28 09:29:21 UTC 2026
Warning: Permanently added 'ssh9.vast.ai' (ED25519) to the list of known hosts.
Error: remote port forwarding failed for listen port 35474
Fri Aug 28 09:29:23 UTC 2026
Warning: Permanently added 'ssh9.vast.ai' (ED25519) to the list of known hosts.
Error: remote port forwarding failed for listen port 35474
Fri Aug 28 09:29:25 UTC 2026
Warning: Permanently added 'ssh9.vast.ai' (ED25519) to the list of known hosts.
Error: remote port forwarding failed for listen port 35474
Fri Aug 28 09:29:28 UTC 2026
Warning: Permanently added 'ssh9.vast.ai' (ED25519) to the list of known hosts.
Error: remote port forwarding failed for listen port 35474
Fri Aug 28 09:29:30 UTC 2026
Warning: Permanently added 'ssh9.vast.ai' (ED25519) to the list of known hosts.
Error: remote port forwarding failed for listen port 35474
Fri Aug 28 09:29:32 UTC 2026
Warning: Permanently added 'ssh9.vast.ai' (ED25519) to the list of known hosts.
Error: remote port forwarding failed for listen port 35474
Fri Aug 28 09:29:34 UTC 2026
Warning: Permanently added 'ssh9.vast.ai' (ED25519) to the list of known hosts.
Error: remote port forwarding failed for listen port 35474
Fri Aug 28 09:29:37 UTC 2026
Warning: Permanently added 'ssh9.vast.ai' (ED25519) to the list of known hosts.
Error: remote port forwarding failed for listen port 35474
Fri Aug 28 09:29:39 UTC 2026
Warning: Permanently added 'ssh9.vast.ai' (ED25519) to the list of known hosts.
Error: remote port forwarding failed for listen port 35474
Fri Aug 28 09:29:41 UTC 2026
Warning: Permanently added 'ssh9.vast.ai' (ED25519) to the list of known hosts.
Error: remote port forwarding failed for listen port 35474
Fri Aug 28 09:29:43 UTC 2026
Warning: Permanently added 'ssh9.vast.ai' (ED25519) to the list of known hosts.
Error: remote port forwarding failed for listen port 35474
Fri Aug 28 09:29:46 UTC 2026
Warning: Permanently added 'ssh9.vast.ai' (ED25519) to the list of known hosts.
Error: remote port forwarding failed for listen port 35474
Fri Aug 28 09:29:48 UTC 2026
Warning: Permanently added 'ssh9.vast.ai' (ED25519) to the list of known hosts.
Error: remote port forwarding failed for listen port 35474
Fri Aug 28 09:29:50 UTC 2026
Warning: Permanently added 'ssh9.vast.ai' (ED25519) to the list of known hosts.
Error: remote port forwarding failed for listen port 35474
Fri Aug 28 09:29:52 UTC 2026
Warning: Permanently added 'ssh9.vast.ai' (ED25519) to the list of known hosts.
Error: remote port forwarding failed for listen port 35474
Fri Aug 28 09:29:54 UTC 2026
Warning: Permanently added 'ssh9.vast.ai' (ED25519) to the list of known hosts.
Error: remote port forwarding failed for listen port 35474
Fri Aug 28 09:29:57 UTC 2026
Warning: Permanently added 'ssh9.vast.ai' (ED25519) to the list of known hosts.
Error: remote port forwarding failed for listen port 35474
Fri Aug 28 09:29:59 UTC 2026
Warning: Permanently added 'ssh9.vast.ai' (ED25519) to the list of known hosts.
Error: remote port forwarding failed for listen port 35474
Fri Aug 28 09:30:01 UTC 2026
Warning: Permanently added 'ssh9.vast.ai' (ED25519) to the list of known hosts.
Error: remote port forwarding failed for listen port 35474
Fri Aug 28 09:30:03 UTC 2026
Warning: Permanently added 'ssh9.vast.ai' (ED25519) to the list of known hosts.
Error: remote port forwarding failed for listen port 35474
Fri Aug 28 09:30:06 UTC 2026
Warning: Permanently added 'ssh9.vast.ai' (ED25519) to the list of known hosts.
Error: remote port forwarding failed for listen port 35474
Fri Aug 28 09:30:08 UTC 2026
Warning: Permanently added 'ssh9.vast.ai' (ED25519) to the list of known hosts.
Error: remote port forwarding failed for listen port 35474
Fri Aug 28 09:30:10 UTC 2026
Warning: Permanently added 'ssh9.vast.ai' (ED25519) to the list of known hosts.
Error: remote port forwarding failed for listen port 35474
Fri Aug 28 09:30:12 UTC 2026
Warning: Permanently added 'ssh9.vast.ai' (ED25519) to the list of known hosts.
Error: remote port forwarding failed for listen port 35474
Fri Aug 28 09:30:15 UTC 2026
Warning: Permanently added 'ssh9.vast.ai' (ED25519) to the list of known hosts.
Fri Aug 28 09:30:16 UTC 2026
Server listening on 0.0.0.0 port 22.
Server listening on :: port 22.
Fri Aug 28 09:30:16 UTC 2026
Warning: Permanently added 'ssh9.vast.ai' (ED25519) to the list of known hosts.
Error: remote port forwarding failed for listen port 35474
Fri Aug 28 09:30:18 UTC 2026
Warning: Permanently added 'ssh9.vast.ai' (ED25519) to the list of known hosts.
Error: remote port forwarding failed for listen port 35474
Fri Aug 28 09:30:20 UTC 2026
Warning: Permanently added 'ssh9.vast.ai' (ED25519) to the list of known hosts.
Error: remote port forwarding failed for listen port 35474
Fri Aug 28 09:30:22 UTC 2026
Warning: Permanently added 'ssh9.vast.ai' (ED25519) to the list of known hosts.
Error: remote port forwarding failed for listen port 35474
Fri Aug 28 09:30:25 UTC 2026
Warning: Permanently added 'ssh9.vast.ai' (ED25519) to the list of known hosts.
Error: remote port forwarding failed for listen port 35474
Fri Aug 28 09:30:27 UTC 2026
Warning: Permanently added 'ssh9.vast.ai' (ED25519) to the list of known hosts.
Error: remote port forwarding failed for listen port 35474
Fri Aug 28 09:30:29 UTC 2026
Warning: Permanently added 'ssh9.vast.ai' (ED25519) to the list of known hosts.
Error: remote port forwarding failed for listen port 35474
Fri Aug 28 09:30:31 UTC 2026
Warning: Permanently added 'ssh9.vast.ai' (ED25519) to the list of known hosts.
Error: remote port forwarding failed for listen port 35474
Fri Aug 28 09:30:34 UTC 2026
Warning: Permanently added 'ssh9.vast.ai' (ED25519) to the list of known hosts.
Error: remote port forwarding failed for listen port 35474
Fri Aug 28 09:30:36 UTC 2026
Warning: Permanently added 'ssh9.vast.ai' (ED25519) to the list of known hosts.
Error: remote port forwarding failed for listen port 35474
Fri Aug 28 09:30:38 UTC 2026
Warning: Permanently added 'ssh9.vast.ai' (ED25519) to the list of known hosts.
Error: remote port forwarding failed for listen port 35474
Fri Aug 28 09:30:40 UTC 2026
Warning: Permanently added 'ssh9.vast.ai' (ED25519) to the list of known hosts.
Error: remote port forwarding failed for listen port 35474
Fri Aug 28 09:30:42 UTC 2026
Warning: Permanently added 'ssh9.vast.ai' (ED25519) to the list of known hosts.
Error: remote port forwarding failed for listen port 35474
Fri Aug 28 09:30:45 UTC 2026
Warning: Permanently added 'ssh9.vast.ai' (ED25519) to the list of known hosts.
Error: remote port forwarding failed for listen port 35474
Fri Aug 28 09:30:47 UTC 2026
Warning: Permanently added 'ssh9.vast.ai' (ED25519) to the list of known hosts.
Error: remote port forwarding failed for listen port 35474
Fri Aug 28 09:30:49 UTC 2026
Warning: Permanently added 'ssh9.vast.ai' (ED25519) to the list of known hosts.
Error: remote port forwarding failed for listen port 35474
Fri Aug 28 09:30:51 UTC 2026
Warning: Permanently added 'ssh9.vast.ai' (ED25519) to the list of known hosts.
Error: remote port forwarding failed for listen port 35474
Fri Aug 28 09:30:54 UTC 2026
Warning: Permanently added 'ssh9.vast.ai' (ED25519) to the list of known hosts.
Error: remote port forwarding failed for listen port 35474
Fri Aug 28 09:30:56 UTC 2026
Warning: Permanently added 'ssh9.vast.ai' (ED25519) to the list of known hosts.
Error: remote port forwarding failed for listen port 35474
Fri Aug 28 09:30:58 UTC 2026
Warning: Permanently added 'ssh9.vast.ai' (ED25519) to the list of known hosts.
Error: remote port forwarding failed for listen port 35474
Fri Aug 28 09:31:00 UTC 2026
Warning: Permanently added 'ssh9.vast.ai' (ED25519) to the list of known hosts.
Error: remote port forwarding failed for listen port 35474
Fri Aug 28 09:31:03 UTC 2026
Warning: Permanently added 'ssh9.vast.ai' (ED25519) to the list of known hosts.
Error: remote port forwarding failed for listen port 35474
Fri Aug 28 09:31:05 UTC 2026
Warning: Permanently added 'ssh9.vast.ai' (ED25519) to the list of known hosts.
Error: remote port forwarding failed for listen port 35474
Fri Aug 28 09:31:07 UTC 2026
Warning: Permanently added 'ssh9.vast.ai' (ED25519) to the list of known hosts.
Error: remote port forwarding failed for listen port 35474
Fri Aug 28 09:31:09 UTC 2026
Warning: Permanently added 'ssh9.vast.ai' (ED25519) to the list of known hosts.
Error: remote port forwarding failed for listen port 35474
Fri Aug 28 09:31:11 UTC 2026
Warning: Permanently added 'ssh9.vast.ai' (ED25519) to the list of known hosts.
Error: remote port forwarding failed for listen port 35474
Fri Aug 28 09:31:14 UTC 2026
Warning: Permanently added 'ssh9.vast.ai' (ED25519) to the list of known hosts.
Error: remote port forwarding failed for listen port 35474
Fri Aug 28 09:31:16 UTC 2026
Warning: Permanently added 'ssh9.vast.ai' (ED25519) to the list of known hosts.
Error: remote port forwarding failed for listen port 35474
Fri Aug 28 09:31:18 UTC 2026
Warning: Permanently added 'ssh9.vast.ai' (ED25519) to the list of known hosts.
Error: remote port forwarding failed for listen port 35474
Fri Aug 28 09:31:20 UTC 2026
Warning: Permanently added 'ssh9.vast.ai' (ED25519) to the list of known hosts.
Error: remote port forwarding failed for listen port 35474
Fri Aug 28 09:31:23 UTC 2026
Warning: Permanently added 'ssh9.vast.ai' (ED25519) to the list of known hosts.
Error: remote port forwarding failed for listen port 35474
Fri Aug 28 09:31:25 UTC 2026
Warning: Permanently added 'ssh9.vast.ai' (ED25519) to the list of known hosts.
Error: remote port forwarding failed for listen port 35474
Fri Aug 28 09:31:27 UTC 2026
Warning: Permanently added 'ssh9.vast.ai' (ED25519) to the list of known hosts.
Error: remote port forwarding failed for listen port 35474
Fri Aug 28 09:31:29 UTC 2026
Warning: Permanently added 'ssh9.vast.ai' (ED25519) to the list of known hosts.
Error: remote port forwarding failed for listen port 35474
Fri Aug 28 09:31:32 UTC 2026
Warning: Permanently added 'ssh9.vast.ai' (ED25519) to the list of known hosts.
Error: remote port forwarding failed for listen port 35474
Fri Aug 28 09:31:34 UTC 2026
Warning: Permanently added 'ssh9.vast.ai' (ED25519) to the list of known hosts.
Error: remote port forwarding failed for listen port 35474
Fri Aug 28 09:31:36 UTC 2026
Warning: Permanently added 'ssh9.vast.ai' (ED25519) to the list of known hosts.
Error: remote port forwarding failed for listen port 35474
Fri Aug 28 09:31:38 UTC 2026
Warning: Permanently added 'ssh9.vast.ai' (ED25519) to the list of known hosts.
Error: remote port forwarding failed for listen port 35474
Fri Aug 28 09:31:40 UTC 2026
Warning: Permanently added 'ssh9.vast.ai' (ED25519) to the list of known hosts.
Error: remote port forwarding failed for listen port 35474
Fri Aug 28 09:31:43 UTC 2026
Warning: Permanently added 'ssh9.vast.ai' (ED25519) to the list of known hosts.
Error: remote port forwarding failed for listen port 35474
Fri Aug 28 09:31:45 UTC 2026
Warning: Permanently added 'ssh9.vast.ai' (ED25519) to the list of known hosts.
Error: remote port forwarding failed for listen port 35474
Fri Aug 28 09:31:47 UTC 2026
Warning: Permanently added 'ssh9.vast.ai' (ED25519) to the list of known hosts.
Error: remote port forwarding failed for listen port 35474
Fri Aug 28 09:31:49 UTC 2026
Warning: Permanently added 'ssh9.vast.ai' (ED25519) to the list of known hosts.
Error: remote port forwarding failed for listen port 35474
Fri Aug 28 09:31:52 UTC 2026
Warning: Permanently added 'ssh9.vast.ai' (ED25519) to the list of known hosts.
Error: remote port forwarding failed for listen port 35474
Fri Aug 28 09:31:54 UTC 2026
Warning: Permanently added 'ssh9.vast.ai' (ED25519) to the list of known hosts.
Error: remote port forwarding failed for listen port 35474
Fri Aug 28 09:31:56 UTC 2026
Warning: Permanently added 'ssh9.vast.ai' (ED25519) to the list of known hosts.
Error: remote port forwarding failed for listen port 35474
Fri Aug 28 09:31:58 UTC 2026
Warning: Permanently added 'ssh9.vast.ai' (ED25519) to the list of known hosts.
Error: remote port forwarding failed for listen port 35474
Fri Aug 28 09:32:00 UTC 2026
Warning: Permanently added 'ssh9.vast.ai' (ED25519) to the list of known hosts.
Error: remote port forwarding failed for listen port 35474
Fri Aug 28 09:32:03 UTC 2026
Warning: Permanently added 'ssh9.vast.ai' (ED25519) to the list of known hosts.
Error: remote port forwarding failed for listen port 35474
Fri Aug 28 09:32:05 UTC 2026
Warning: Permanently added 'ssh9.vast.ai' (ED25519) to the list of known hosts.
Error: remote port forwarding failed for listen port 35474
Fri Aug 28 09:32:07 UTC 2026
Warning: Permanently added 'ssh9.vast.ai' (ED25519) to the list of known hosts.
Error: remote port forwarding failed for listen port 35474
Fri Aug 28 09:32:09 UTC 2026
Warning: Permanently added 'ssh9.vast.ai' (ED25519) to the list of known hosts.
Error: remote port forwarding failed for listen port 35474
Fri Aug 28 09:32:12 UTC 2026
Warning: Permanently added 'ssh9.vast.ai' (ED25519) to the list of known hosts.
Error: remote port forwarding failed for listen port 35474
Fri Aug 28 09:32:14 UTC 2026
Warning: Permanently added 'ssh9.vast.ai' (ED25519) to the list of known hosts.
Error: remote port forwarding failed for listen port 35474
Fri Aug 28 09:32:16 UTC 2026
Warning: Permanently added 'ssh9.vast.ai' (ED25519) to the list of known hosts.
Error: remote port forwarding failed for listen port 35474
Fri Aug 28 09:32:18 UTC 2026
Warning: Permanently added 'ssh9.vast.ai' (ED25519) to the list of known hosts.
Error: remote port forwarding failed for listen port 35474
Fri Aug 28 09:32:20 UTC 2026
Warning: Permanently added 'ssh9.vast.ai' (ED25519) to the list of known hosts.
Error: remote port forwarding failed for listen port 35474
Fri Aug 28 09:32:23 UTC 2026
Warning: Permanently added 'ssh9.vast.ai' (ED25519) to the list of known hosts.
Error: remote port forwarding failed for listen port 35474
Fri Aug 28 09:32:25 UTC 2026
Warning: Permanently added 'ssh9.vast.ai' (ED25519) to the list of known hosts.
Error: remote port forwarding failed for listen port 35474
Fri Aug 28 09:32:27 UTC 2026
Warning: Permanently added 'ssh9.vast.ai' (ED25519) to the list of known hosts.
Error: remote port forwarding failed for listen port 35474
Fri Aug 28 09:32:29 UTC 2026
Warning: Permanently added 'ssh9.vast.ai' (ED25519) to the list of known hosts.
Error: remote port forwarding failed for listen port 35474
Fri Aug 28 09:32:32 UTC 2026
Warning: Permanently added 'ssh9.vast.ai' (ED25519) to the list of known hosts.
Error: remote port forwarding failed for listen port 35474
Fri Aug 28 09:32:34 UTC 2026
Warning: Permanently added 'ssh9.vast.ai' (ED25519) to the list of known hosts.
Error: remote port forwarding failed for listen port 35474
Fri Aug 28 09:32:36 UTC 2026
Warning: Permanently added 'ssh9.vast.ai' (ED25519) to the list of known hosts.
Error: remote port forwarding failed for listen port 35474
Fri Aug 28 09:32:38 UTC 2026
Warning: Permanently added 'ssh9.vast.ai' (ED25519) to the list of known hosts.
Error: remote port forwarding failed for listen port 35474
Fri Aug 28 09:32:41 UTC 2026
Warning: Permanently added 'ssh9.vast.ai' (ED25519) to the list of known hosts.
Error: remote port forwarding failed for listen port 35474
Fri Aug 28 09:33:18 UTC 2026
rm: cannot remove '/etc/forward_port2': No such file or directory
Server listening on 0.0.0.0 port 22.
Server listening on :: port 22.
Fri Aug 28 09:33:18 UTC 2026
Warning: Permanently added 'ssh9.vast.ai' (ED25519) to the list of known hosts.
Error: remote port forwarding failed for listen port 35474
Fri Aug 28 09:33:20 UTC 2026
Warning: Permanently added 'ssh9.vast.ai' (ED25519) to the list of known hosts.
Error: remote port forwarding failed for listen port 35474
Fri Aug 28 09:33:22 UTC 2026
Warning: Permanently added 'ssh9.vast.ai' (ED25519) to the list of known hosts.
Error: remote port forwarding failed for listen port 35474
Fri Aug 28 09:33:25 UTC 2026
Warning: Permanently added 'ssh9.vast.ai' (ED25519) to the list of known hosts.
Error: remote port forwarding failed for listen port 35474
Fri Aug 28 09:33:27 UTC 2026
Warning: Permanently added 'ssh9.vast.ai' (ED25519) to the list of known hosts.
Error: remote port forwarding failed for listen port 35474
Fri Aug 28 09:33:29 UTC 2026
Warning: Permanently added 'ssh9.vast.ai' (ED25519) to the list of known hosts.
Error: remote port forwarding failed for listen port 35474
Fri Aug 28 09:33:31 UTC 2026
Warning: Permanently added 'ssh9.vast.ai' (ED25519) to the list of known hosts.
Error: remote port forwarding failed for listen port 35474
Fri Aug 28 09:33:34 UTC 2026
Warning: Permanently added 'ssh9.vast.ai' (ED25519) to the list of known hosts.
Error: remote port forwarding failed for listen port 35474
Fri Aug 28 09:33:36 UTC 2026
Warning: Permanently added 'ssh9.vast.ai' (ED25519) to the list of known hosts.
Error: remote port forwarding failed for listen port 35474
Fri Aug 28 09:33:38 UTC 2026
Warning: Permanently added 'ssh9.vast.ai' (ED25519) to the list of known hosts.
Error: remote port forwarding failed for listen port 35474
Fri Aug 28 09:33:41 UTC 2026
Warning: Permanently added 'ssh9.vast.ai' (ED25519) to the list of known hosts.
Error: remote port forwarding failed for listen port 35474
Fri Aug 28 09:33:43 UTC 2026
Warning: Permanently added 'ssh9.vast.ai' (ED25519) to the list of known hosts.
Error: remote port forwarding failed for listen port 35474
Fri Aug 28 09:33:45 UTC 2026
Warning: Permanently added 'ssh9.vast.ai' (ED25519) to the list of known hosts.
Error: remote port forwarding failed for listen port 35474
Fri Aug 28 09:33:47 UTC 2026
Warning: Permanently added 'ssh9.vast.ai' (ED25519) to the list of known hosts.
Error: remote port forwarding failed for listen port 35474
Fri Aug 28 09:33:49 UTC 2026
Warning: Permanently added 'ssh9.vast.ai' (ED25519) to the list of known hosts.
Error: remote port forwarding failed for listen port 35474
Fri Aug 28 09:33:52 UTC 2026
Warning: Permanently added 'ssh9.vast.ai' (ED25519) to the list of known hosts.
Error: remote port forwarding failed for listen port 35474
Fri Aug 28 09:33:54 UTC 2026
Warning: Permanently added 'ssh9.vast.ai' (ED25519) to the list of known hosts.
Error: remote port forwarding failed for listen port 35474
Fri Aug 28 09:33:56 UTC 2026
Warning: Permanently added 'ssh9.vast.ai' (ED25519) to the list of known hosts.
Error: remote port forwarding failed for listen port 35474
Fri Aug 28 09:33:58 UTC 2026
Warning: Permanently added 'ssh9.vast.ai' (ED25519) to the list of known hosts.
Error: remote port forwarding failed for listen port 35474
Fri Aug 28 09:34:01 UTC 2026
Warning: Permanently added 'ssh9.vast.ai' (ED25519) to the list of known hosts.
Error: remote port forwarding failed for listen port 35474
Fri Aug 28 09:34:03 UTC 2026
Warning: Permanently added 'ssh9.vast.ai' (ED25519) to the list of known hosts.
Error: remote port forwarding failed for listen port 35474
Fri Aug 28 09:34:05 UTC 2026
Warning: Permanently added 'ssh9.vast.ai' (ED25519) to the list of known hosts.
Error: remote port forwarding failed for listen port 35474
Fri Aug 28 09:34:07 UTC 2026
Warning: Permanently added 'ssh9.vast.ai' (ED25519) to the list of known hosts.
Error: remote port forwarding failed for listen port 35474
Fri Aug 28 09:34:10 UTC 2026
Warning: Permanently added 'ssh9.vast.ai' (ED25519) to the list of known hosts.
Error: remote port forwarding failed for listen port 35474
Fri Aug 28 09:34:12 UTC 2026
Warning: Permanently added 'ssh9.vast.ai' (ED25519) to the list of known hosts.
Error: remote port forwarding failed for listen port 35474
Fri Aug 28 09:34:14 UTC 2026
Warning: Permanently added 'ssh9.vast.ai' (ED25519) to the list of known hosts.
Error: remote port forwarding failed for listen port 35474
Fri Aug 28 09:34:16 UTC 2026
Warning: Permanently added 'ssh9.vast.ai' (ED25519) to the list of known hosts.
Error: remote port forwarding failed for listen port 35474
Fri Aug 28 09:34:18 UTC 2026
Warning: Permanently added 'ssh9.vast.ai' (ED25519) to the list of known hosts.
Error: remote port forwarding failed for listen port 35474
Fri Aug 28 09:34:21 UTC 2026
Warning: Permanently added 'ssh9.vast.ai' (ED25519) to the list of known hosts.
Error: remote port forwarding failed for listen port 35474
Fri Aug 28 09:34:23 UTC 2026
Warning: Permanently added 'ssh9.vast.ai' (ED25519) to the list of known hosts.
Error: remote port forwarding failed for listen port 35474
Fri Aug 28 09:34:25 UTC 2026
Warning: Permanently added 'ssh9.vast.ai' (ED25519) to the list of known hosts.
Error: remote port forwarding failed for listen port 35474
Fri Aug 28 09:34:27 UTC 2026
Warning: Permanently added 'ssh9.vast.ai' (ED25519) to the list of known hosts.
Error: remote port forwarding failed for listen port 35474
Fri Aug 28 09:34:30 UTC 2026
Warning: Permanently added 'ssh9.vast.ai' (ED25519) to the list of known hosts.
Error: remote port forwarding failed for listen port 35474
Fri Aug 28 09:34:32 UTC 2026
Warning: Permanently added 'ssh9.vast.ai' (ED25519) to the list of known hosts.
Error: remote port forwarding failed for listen port 35474
Fri Aug 28 09:34:34 UTC 2026
Warning: Permanently added 'ssh9.vast.ai' (ED25519) to the list of known hosts.
Error: remote port forwarding failed for listen port 35474
Fri Aug 28 09:34:36 UTC 2026
Warning: Permanently added 'ssh9.vast.ai' (ED25519) to the list of known hosts.
Error: remote port forwarding failed for listen port 35474
Fri Aug 28 09:34:39 UTC 2026
Warning: Permanently added 'ssh9.vast.ai' (ED25519) to the list of known hosts.
Error: remote port forwarding failed for listen port 35474
Fri Aug 28 09:34:41 UTC 2026
Warning: Permanently added 'ssh9.vast.ai' (ED25519) to the list of known hosts.
Error: remote port forwarding failed for listen port 35474
Fri Aug 28 09:34:43 UTC 2026
Warning: Permanently added 'ssh9.vast.ai' (ED25519) to the list of known hosts.
Error: remote port forwarding failed for listen port 35474
Fri Aug 28 09:34:46 UTC 2026
Warning: Permanently added 'ssh9.vast.ai' (ED25519) to the list of known hosts.
Error: remote port forwarding failed for listen port 35474
Fri Aug 28 09:34:48 UTC 2026
Warning: Permanently added 'ssh9.vast.ai' (ED25519) to the list of known hosts.
Error: remote port forwarding failed for listen port 35474
Fri Aug 28 09:34:50 UTC 2026
Warning: Permanently added 'ssh9.vast.ai' (ED25519) to the list of known hosts.
Error: remote port forwarding failed for listen port 35474
Fri Aug 28 09:34:52 UTC 2026
Warning: Permanently added 'ssh9.vast.ai' (ED25519) to the list of known hosts.
Error: remote port forwarding failed for listen port 35474
Fri Aug 28 09:34:54 UTC 2026
Warning: Permanently added 'ssh9.vast.ai' (ED25519) to the list of known hosts.
Error: remote port forwarding failed for listen port 35474
Fri Aug 28 09:34:57 UTC 2026
Warning: Permanently added 'ssh9.vast.ai' (ED25519) to the list of known hosts.
Error: remote port forwarding failed for listen port 35474
Fri Aug 28 09:34:59 UTC 2026
Warning: Permanently added 'ssh9.vast.ai' (ED25519) to the list of known hosts.
Error: remote port forwarding failed for listen port 35474
Fri Aug 28 09:35:01 UTC 2026
Warning: Permanently added 'ssh9.vast.ai' (ED25519) to the list of known hosts.
Error: remote port forwarding failed for listen port 35474
Fri Aug 28 09:35:03 UTC 2026
Warning: Permanently added 'ssh9.vast.ai' (ED25519) to the list of known hosts.
Error: remote port forwarding failed for listen port 35474
Fri Aug 28 09:35:06 UTC 2026
Warning: Permanently added 'ssh9.vast.ai' (ED25519) to the list of known hosts.
Error: remote port forwarding failed for listen port 35474
Fri Aug 28 09:35:08 UTC 2026
Warning: Permanently added 'ssh9.vast.ai' (ED25519) to the list of known hosts.
Error: remote port forwarding failed for listen port 35474
Fri Aug 28 09:35:10 UTC 2026
Warning: Permanently added 'ssh9.vast.ai' (ED25519) to the list of known hosts.
Error: remote port forwarding failed for listen port 35474
Fri Aug 28 09:35:12 UTC 2026
Warning: Permanently added 'ssh9.vast.ai' (ED25519) to the list of known hosts.
Error: remote port forwarding failed for listen port 35474
Fri Aug 28 09:35:14 UTC 2026
Warning: Permanently added 'ssh9.vast.ai' (ED25519) to the list of known hosts.
Error: remote port forwarding failed for listen port 35474
Fri Aug 28 09:35:17 UTC 2026
Warning: Permanently added 'ssh9.vast.ai' (ED25519) to the list of known hosts.
Error: remote port forwarding failed for listen port 35474
Fri Aug 28 09:35:19 UTC 2026
Warning: Permanently added 'ssh9.vast.ai' (ED25519) to the list of known hosts.
Error: remote port forwarding failed for listen port 35474
Fri Aug 28 09:35:21 UTC 2026
Warning: Permanently added 'ssh9.vast.ai' (ED25519) to the list of known hosts.
Error: remote port forwarding failed for listen port 35474
Fri Aug 28 09:35:23 UTC 2026
Warning: Permanently added 'ssh9.vast.ai' (ED25519) to the list of known hosts.
Error: remote port forwarding failed for listen port 35474
Fri Aug 28 09:35:26 UTC 2026
Warning: Permanently added 'ssh9.vast.ai' (ED25519) to the list of known hosts.
Error: remote port forwarding failed for listen port 35474
Fri Aug 28 09:35:28 UTC 2026
Warning: Permanently added 'ssh9.vast.ai' (ED25519) to the list of known hosts.
Error: remote port forwarding failed for listen port 35474
Fri Aug 28 09:35:30 UTC 2026
Warning: Permanently added 'ssh9.vast.ai' (ED25519) to the list of known hosts.
Error: remote port forwarding failed for listen port 35474
Fri Aug 28 09:35:32 UTC 2026
Warning: Permanently added 'ssh9.vast.ai' (ED25519) to the list of known hosts.
Error: remote port forwarding failed for listen port 35474
Fri Aug 28 09:35:34 UTC 2026
Warning: Permanently added 'ssh9.vast.ai' (ED25519) to the list of known hosts.
Error: remote port forwarding failed for listen port 35474
Fri Aug 28 09:35:37 UTC 2026
Warning: Permanently added 'ssh9.vast.ai' (ED25519) to the list of known hosts.
Error: remote port forwarding failed for listen port 35474
Fri Aug 28 09:35:39 UTC 2026
Warning: Permanently added 'ssh9.vast.ai' (ED25519) to the list of known hosts.
Error: remote port forwarding failed for listen port 35474
Fri Aug 28 09:35:41 UTC 2026
Warning: Permanently added 'ssh9.vast.ai' (ED25519) to the list of known hosts.
Error: remote port forwarding failed for listen port 35474
Fri Aug 28 09:35:44 UTC 2026
Warning: Permanently added 'ssh9.vast.ai' (ED25519) to the list of known hosts.
Error: remote port forwarding failed for listen port 35474
Fri Aug 28 09:35:46 UTC 2026
Warning: Permanently added 'ssh9.vast.ai' (ED25519) to the list of known hosts.
Error: remote port forwarding failed for listen port 35474
Fri Aug 28 09:35:48 UTC 2026
Warning: Permanently added 'ssh9.vast.ai' (ED25519) to the list of known hosts.
Error: remote port forwarding failed for listen port 35474
Fri Aug 28 09:35:50 UTC 2026
Warning: Permanently added 'ssh9.vast.ai' (ED25519) to the list of known hosts.
Error: remote port forwarding failed for listen port 35474
Fri Aug 28 09:35:52 UTC 2026
Warning: Permanently added 'ssh9.vast.ai' (ED25519) to the list of known hosts.
Error: remote port forwarding failed for listen port 35474
Fri Aug 28 09:35:55 UTC 2026
Warning: Permanently added 'ssh9.vast.ai' (ED25519) to the list of known hosts.
Error: remote port forwarding failed for listen port 35474
Fri Aug 28 09:35:57 UTC 2026
Warning: Permanently added 'ssh9.vast.ai' (ED25519) to the list of known hosts.
Error: remote port forwarding failed for listen port 35474
Fri Aug 28 09:35:59 UTC 2026
Warning: Permanently added 'ssh9.vast.ai' (ED25519) to the list of known hosts.
Error: remote port forwarding failed for listen port 35474
Fri Aug 28 09:36:01 UTC 2026
Warning: Permanently added 'ssh9.vast.ai' (ED25519) to the list of known hosts.
Error: remote port forwarding failed for listen port 35474
Fri Aug 28 09:36:03 UTC 2026
Warning: Permanently added 'ssh9.vast.ai' (ED25519) to the list of known hosts.
Error: remote port forwarding failed for listen port 35474
Fri Aug 28 09:36:06 UTC 2026
Warning: Permanently added 'ssh9.vast.ai' (ED25519) to the list of known hosts.
Error: remote port forwarding failed for listen port 35474
Fri Aug 28 09:36:08 UTC 2026
Warning: Permanently added 'ssh9.vast.ai' (ED25519) to the list of known hosts.
Error: remote port forwarding failed for listen port 35474
Fri Aug 28 09:36:10 UTC 2026
Warning: Permanently added 'ssh9.vast.ai' (ED25519) to the list of known hosts.
Error: remote port forwarding failed for listen port 35474
Fri Aug 28 09:36:12 UTC 2026
Warning: Permanently added 'ssh9.vast.ai' (ED25519) to the list of known hosts.
Error: remote port forwarding failed for listen port 35474
Fri Aug 28 09:36:15 UTC 2026
Warning: Permanently added 'ssh9.vast.ai' (ED25519) to the list of known hosts.
Error: remote port forwarding failed for listen port 35474
Fri Aug 28 09:36:17 UTC 2026
Warning: Permanently added 'ssh9.vast.ai' (ED25519) to the list of known hosts.
Error: remote port forwarding failed for listen port 35474
Fri Aug 28 09:36:19 UTC 2026
Warning: Permanently added 'ssh9.vast.ai' (ED25519) to the list of known hosts.
Error: remote port forwarding failed for listen port 35474
Fri Aug 28 09:36:21 UTC 2026
Warning: Permanently added 'ssh9.vast.ai' (ED25519) to the list of known hosts.
Error: remote port forwarding failed for listen port 35474
Fri Aug 28 09:36:24 UTC 2026
Warning: Permanently added 'ssh9.vast.ai' (ED25519) to the list of known hosts.
Error: remote port forwarding failed for listen port 35474
Fri Aug 28 09:36:26 UTC 2026
Warning: Permanently added 'ssh9.vast.ai' (ED25519) to the list of known hosts.
Error: remote port forwarding failed for listen port 35474
Fri Aug 28 09:36:28 UTC 2026
Warning: Permanently added 'ssh9.vast.ai' (ED25519) to the list of known hosts.
Error: remote port forwarding failed for listen port 35474
Fri Aug 28 09:36:30 UTC 2026
Warning: Permanently added 'ssh9.vast.ai' (ED25519) to the list of known hosts.
Error: remote port forwarding failed for listen port 35474
Fri Aug 28 09:36:33 UTC 2026
Warning: Permanently added 'ssh9.vast.ai' (ED25519) to the list of known hosts.
Error: remote port forwarding failed for listen port 35474
Fri Aug 28 09:36:35 UTC 2026
Warning: Permanently added 'ssh9.vast.ai' (ED25519) to the list of known hosts.
Error: remote port forwarding failed for listen port 35474
Fri Aug 28 09:36:37 UTC 2026
Warning: Permanently added 'ssh9.vast.ai' (ED25519) to the list of known hosts.
Error: remote port forwarding failed for listen port 35474
Fri Aug 28 09:36:39 UTC 2026
Warning: Permanently added 'ssh9.vast.ai' (ED25519) to the list of known hosts.
Error: remote port forwarding failed for listen port 35474
Fri Aug 28 09:36:41 UTC 2026
Warning: Permanently added 'ssh9.vast.ai' (ED25519) to the list of known hosts.
Error: remote port forwarding failed for listen port 35474
Fri Aug 28 09:36:44 UTC 2026
Warning: Permanently added 'ssh9.vast.ai' (ED25519) to the list of known hosts.
Error: remote port forwarding failed for listen port 35474
Fri Aug 28 09:36:46 UTC 2026
Warning: Permanently added 'ssh9.vast.ai' (ED25519) to the list of known hosts.
Error: remote port forwarding failed for listen port 35474
Fri Aug 28 09:36:48 UTC 2026
Warning: Permanently added 'ssh9.vast.ai' (ED25519) to the list of known hosts.
Error: remote port forwarding failed for listen port 35474
Fri Aug 28 09:36:50 UTC 2026
Warning: Permanently added 'ssh9.vast.ai' (ED25519) to the list of known hosts.
Error: remote port forwarding failed for listen port 35474
Fri Aug 28 09:36:53 UTC 2026
Warning: Permanently added 'ssh9.vast.ai' (ED25519) to the list of known hosts.
Error: remote port forwarding failed for listen port 35474
Fri Aug 28 09:36:55 UTC 2026
Warning: Permanently added 'ssh9.vast.ai' (ED25519) to the list of known hosts.
Error: remote port forwarding failed for listen port 35474
Fri Aug 28 09:36:57 UTC 2026
Warning: Permanently added 'ssh9.vast.ai' (ED25519) to the list of known hosts.
Error: remote port forwarding failed for listen port 35474
Fri Aug 28 09:36:59 UTC 2026
Warning: Permanently added 'ssh9.vast.ai' (ED25519) to the list of known hosts.
Error: remote port forwarding failed for listen port 35474
Fri Aug 28 09:37:02 UTC 2026
Warning: Permanently added 'ssh9.vast.ai' (ED25519) to the list of known hosts.
Error: remote port forwarding failed for listen port 35474
Fri Aug 28 09:37:04 UTC 2026
Warning: Permanently added 'ssh9.vast.ai' (ED25519) to the list of known hosts.
Error: remote port forwarding failed for listen port 35474
Fri Aug 28 09:37:06 UTC 2026
Fri Aug 28 09:37:07 UTC 2026
Server listening on 0.0.0.0 port 22.
Server listening on :: port 22.
Fri Aug 28 09:37:07 UTC 2026
Warning: Permanently added 'ssh9.vast.ai' (ED25519) to the list of known hosts.
Error: remote port forwarding failed for listen port 35474
Fri Aug 28 09:37:09 UTC 2026
Warning: Permanently added 'ssh9.vast.ai' (ED25519) to the list of known hosts.
Error: remote port forwarding failed for listen port 35474
Fri Aug 28 09:37:12 UTC 2026
Warning: Permanently added 'ssh9.vast.ai' (ED25519) to the list of known hosts.
Error: remote port forwarding failed for listen port 35474
Fri Aug 28 09:37:14 UTC 2026
Warning: Permanently added 'ssh9.vast.ai' (ED25519) to the list of known hosts.
Error: remote port forwarding failed for listen port 35474
Fri Aug 28 09:37:16 UTC 2026
Warning: Permanently added 'ssh9.vast.ai' (ED25519) to the list of known hosts.
Error: remote port forwarding failed for listen port 35474
Fri Aug 28 09:37:18 UTC 2026
Warning: Permanently added 'ssh9.vast.ai' (ED25519) to the list of known hosts.
Error: remote port forwarding failed for listen port 35474
Fri Aug 28 09:37:20 UTC 2026
Warning: Permanently added 'ssh9.vast.ai' (ED25519) to the list of known hosts.
Error: remote port forwarding failed for listen port 35474
Fri Aug 28 09:37:23 UTC 2026
Warning: Permanently added 'ssh9.vast.ai' (ED25519) to the list of known hosts.
Error: remote port forwarding failed for listen port 35474
Fri Aug 28 09:37:25 UTC 2026
Warning: Permanently added 'ssh9.vast.ai' (ED25519) to the list of known hosts.
Error: remote port forwarding failed for listen port 35474
Fri Aug 28 09:37:27 UTC 2026
Warning: Permanently added 'ssh9.vast.ai' (ED25519) to the list of known hosts.
Error: remote port forwarding failed for listen port 35474
Fri Aug 28 09:37:29 UTC 2026
Warning: Permanently added 'ssh9.vast.ai' (ED25519) to the list of known hosts.
Error: remote port forwarding failed for listen port 35474
Fri Aug 28 09:37:32 UTC 2026
Warning: Permanently added 'ssh9.vast.ai' (ED25519) to the list of known hosts.
Error: remote port forwarding failed for listen port 35474
Fri Aug 28 09:37:34 UTC 2026
Warning: Permanently added 'ssh9.vast.ai' (ED25519) to the list of known hosts.
Error: remote port forwarding failed for listen port 35474
Fri Aug 28 09:37:36 UTC 2026
Warning: Permanently added 'ssh9.vast.ai' (ED25519) to the list of known hosts.
Error: remote port forwarding failed for listen port 35474
Fri Aug 28 09:37:38 UTC 2026
Warning: Permanently added 'ssh9.vast.ai' (ED25519) to the list of known hosts.
Error: remote port forwarding failed for listen port 35474
Fri Aug 28 09:37:41 UTC 2026
Warning: Permanently added 'ssh9.vast.ai' (ED25519) to the list of known hosts.
Error: remote port forwarding failed for listen port 35474
Fri Aug 28 09:37:43 UTC 2026
Warning: Permanently added 'ssh9.vast.ai' (ED25519) to the list of known hosts.
Error: remote port forwarding failed for listen port 35474
Fri Aug 28 09:37:45 UTC 2026
Warning: Permanently added 'ssh9.vast.ai' (ED25519) to the list of known hosts.
Error: remote port forwarding failed for listen port 35474
Fri Aug 28 09:37:48 UTC 2026
Warning: Permanently added 'ssh9.vast.ai' (ED25519) to the list of known hosts.
Error: remote port forwarding failed for listen port 35474
Fri Aug 28 09:37:50 UTC 2026
Warning: Permanently added 'ssh9.vast.ai' (ED25519) to the list of known hosts.
Error: remote port forwarding failed for listen port 35474
Fri Aug 28 09:37:52 UTC 2026
Warning: Permanently added 'ssh9.vast.ai' (ED25519) to the list of known hosts.
Error: remote port forwarding failed for listen port 35474
Fri Aug 28 09:37:54 UTC 2026
Warning: Permanently added 'ssh9.vast.ai' (ED25519) to the list of known hosts.
Error: remote port forwarding failed for listen port 35474
Fri Aug 28 09:37:56 UTC 2026
Warning: Permanently added 'ssh9.vast.ai' (ED25519) to the list of known hosts.
Error: remote port forwarding failed for listen port 35474
Fri Aug 28 09:37:59 UTC 2026
Warning: Permanently added 'ssh9.vast.ai' (ED25519) to the list of known hosts.
Error: remote port forwarding failed for listen port 35474
Fri Aug 28 09:38:01 UTC 2026
Warning: Permanently added 'ssh9.vast.ai' (ED25519) to the list of known hosts.
Error: remote port forwarding failed for listen port 35474
Fri Aug 28 09:38:03 UTC 2026
Warning: Permanently added 'ssh9.vast.ai' (ED25519) to the list of known hosts.
Error: remote port forwarding failed for listen port 35474
Fri Aug 28 09:38:05 UTC 2026
Warning: Permanently added 'ssh9.vast.ai' (ED25519) to the list of known hosts.
Error: remote port forwarding failed for listen port 35474
Fri Aug 28 09:38:08 UTC 2026
Warning: Permanently added 'ssh9.vast.ai' (ED25519) to the list of known hosts.
Error: remote port forwarding failed for listen port 35474
Fri Aug 28 09:38:10 UTC 2026
Warning: Permanently added 'ssh9.vast.ai' (ED25519) to the list of known hosts.
Error: remote port forwarding failed for listen port 35474
Fri Aug 28 09:38:12 UTC 2026
Warning: Permanently added 'ssh9.vast.ai' (ED25519) to the list of known hosts.
Error: remote port forwarding failed for listen port 35474
Fri Aug 28 09:38:14 UTC 2026
Warning: Permanently added 'ssh9.vast.ai' (ED25519) to the list of known hosts.
Error: remote port forwarding failed for listen port 35474
Fri Aug 28 09:38:17 UTC 2026
Warning: Permanently added 'ssh9.vast.ai' (ED25519) to the list of known hosts.
Error: remote port forwarding failed for listen port 35474
Fri Aug 28 09:38:19 UTC 2026
Warning: Permanently added 'ssh9.vast.ai' (ED25519) to the list of known hosts.
Error: remote port forwarding failed for listen port 35474
Fri Aug 28 09:38:21 UTC 2026
Warning: Permanently added 'ssh9.vast.ai' (ED25519) to the list of known hosts.
Error: remote port forwarding failed for listen port 35474
Fri Aug 28 09:38:23 UTC 2026
Warning: Permanently added 'ssh9.vast.ai' (ED25519) to the list of known hosts.
Error: remote port forwarding failed for listen port 35474
Fri Aug 28 09:38:26 UTC 2026
Warning: Permanently added 'ssh9.vast.ai' (ED25519) to the list of known hosts.
Error: remote port forwarding failed for listen port 35474
Fri Aug 28 09:38:28 UTC 2026
Warning: Permanently added 'ssh9.vast.ai' (ED25519) to the list of known hosts.
Error: remote port forwarding failed for listen port 35474
Fri Aug 28 09:38:30 UTC 2026
Warning: Permanently added 'ssh9.vast.ai' (ED25519) to the list of known hosts.
Error: remote port forwarding failed for listen port 35474
Fri Aug 28 09:38:32 UTC 2026
Warning: Permanently added 'ssh9.vast.ai' (ED25519) to the list of known hosts.
Error: remote port forwarding failed for listen port 35474
Fri Aug 28 09:38:35 UTC 2026
Warning: Permanently added 'ssh9.vast.ai' (ED25519) to the list of known hosts.
Error: remote port forwarding failed for listen port 35474
Fri Aug 28 09:38:37 UTC 2026
Warning: Permanently added 'ssh9.vast.ai' (ED25519) to the list of known hosts.
Error: remote port forwarding failed for listen port 35474
Fri Aug 28 09:38:39 UTC 2026
Warning: Permanently added 'ssh9.vast.ai' (ED25519) to the list of known hosts.
Error: remote port forwarding failed for listen port 35474
Fri Aug 28 09:38:41 UTC 2026
Warning: Permanently added 'ssh9.vast.ai' (ED25519) to the list of known hosts.
Error: remote port forwarding failed for listen port 35474
Fri Aug 28 09:38:43 UTC 2026
Warning: Permanently added 'ssh9.vast.ai' (ED25519) to the list of known hosts.
Error: remote port forwarding failed for listen port 35474
Fri Aug 28 09:38:46 UTC 2026
Warning: Permanently added 'ssh9.vast.ai' (ED25519) to the list of known hosts.
Error: remote port forwarding failed for listen port 35474
Fri Aug 28 09:38:48 UTC 2026
Warning: Permanently added 'ssh9.vast.ai' (ED25519) to the list of known hosts.
Error: remote port forwarding failed for listen port 35474
Fri Aug 28 09:38:50 UTC 2026
Warning: Permanently added 'ssh9.vast.ai' (ED25519) to the list of known hosts.
Error: remote port forwarding failed for listen port 35474
Fri Aug 28 09:38:52 UTC 2026
Warning: Permanently added 'ssh9.vast.ai' (ED25519) to the list of known hosts.
Error: remote port forwarding failed for listen port 35474
Fri Aug 28 09:38:55 UTC 2026
Warning: Permanently added 'ssh9.vast.ai' (ED25519) to the list of known hosts.
Error: remote port forwarding failed for listen port 35474
Fri Aug 28 09:38:57 UTC 2026
Warning: Permanently added 'ssh9.vast.ai' (ED25519) to the list of known hosts.
Error: remote port forwarding failed for listen port 35474
Fri Aug 28 09:38:59 UTC 2026
Warning: Permanently added 'ssh9.vast.ai' (ED25519) to the list of known hosts.
Error: remote port forwarding failed for listen port 35474
Fri Aug 28 09:39:01 UTC 2026
Warning: Permanently added 'ssh9.vast.ai' (ED25519) to the list of known hosts.
Error: remote port forwarding failed for listen port 35474
Fri Aug 28 09:39:03 UTC 2026
Warning: Permanently added 'ssh9.vast.ai' (ED25519) to the list of known hosts.
Error: remote port forwarding failed for listen port 35474
Fri Aug 28 09:39:06 UTC 2026
Warning: Permanently added 'ssh9.vast.ai' (ED25519) to the list of known hosts.
Error: remote port forwarding failed for listen port 35474
Fri Aug 28 09:39:08 UTC 2026
Warning: Permanently added 'ssh9.vast.ai' (ED25519) to the list of known hosts.
Error: remote port forwarding failed for listen port 35474
Fri Aug 28 09:39:10 UTC 2026
Warning: Permanently added 'ssh9.vast.ai' (ED25519) to the list of known hosts.
Error: remote port forwarding failed for listen port 35474
Fri Aug 28 09:39:12 UTC 2026
Warning: Permanently added 'ssh9.vast.ai' (ED25519) to the list of known hosts.
Error: remote port forwarding failed for listen port 35474
Fri Aug 28 09:39:15 UTC 2026
Warning: Permanently added 'ssh9.vast.ai' (ED25519) to the list of known hosts.
Error: remote port forwarding failed for listen port 35474
Fri Aug 28 09:39:17 UTC 2026
Warning: Permanently added 'ssh9.vast.ai' (ED25519) to the list of known hosts.
Error: remote port forwarding failed for listen port 35474
Fri Aug 28 09:39:19 UTC 2026
Warning: Permanently added 'ssh9.vast.ai' (ED25519) to the list of known hosts.
Error: remote port forwarding failed for listen port 35474
Fri Aug 28 09:39:21 UTC 2026
Warning: Permanently added 'ssh9.vast.ai' (ED25519) to the list of known hosts.
Error: remote port forwarding failed for listen port 35474
Fri Aug 28 09:39:24 UTC 2026
Warning: Permanently added 'ssh9.vast.ai' (ED25519) to the list of known hosts.
Error: remote port forwarding failed for listen port 35474
Fri Aug 28 09:39:26 UTC 2026
Warning: Permanently added 'ssh9.vast.ai' (ED25519) to the list of known hosts.
Error: remote port forwarding failed for listen port 35474
Fri Aug 28 09:39:28 UTC 2026
Warning: Permanently added 'ssh9.vast.ai' (ED25519) to the list of known hosts.
Error: remote port forwarding failed for listen port 35474
Fri Aug 28 09:39:30 UTC 2026
Warning: Permanently added 'ssh9.vast.ai' (ED25519) to the list of known hosts.
Error: remote port forwarding failed for listen port 35474
Fri Aug 28 09:39:32 UTC 2026
Warning: Permanently added 'ssh9.vast.ai' (ED25519) to the list of known hosts.
Error: remote port forwarding failed for listen port 35474
Fri Aug 28 09:39:35 UTC 2026
Warning: Permanently added 'ssh9.vast.ai' (ED25519) to the list of known hosts.
Error: remote port forwarding failed for listen port 35474
Fri Aug 28 09:39:37 UTC 2026
Warning: Permanently added 'ssh9.vast.ai' (ED25519) to the list of known hosts.
Error: remote port forwarding failed for listen port 35474
Fri Aug 28 09:39:39 UTC 2026
Warning: Permanently added 'ssh9.vast.ai' (ED25519) to the list of known hosts.
Error: remote port forwarding failed for listen port 35474
Fri Aug 28 09:39:41 UTC 2026
Warning: Permanently added 'ssh9.vast.ai' (ED25519) to the list of known hosts.
Error: remote port forwarding failed for listen port 35474
Fri Aug 28 09:39:44 UTC 2026
Warning: Permanently added 'ssh9.vast.ai' (ED25519) to the list of known hosts.
Error: remote port forwarding failed for listen port 35474
Fri Aug 28 09:39:46 UTC 2026
Warning: Permanently added 'ssh9.vast.ai' (ED25519) to the list of known hosts.
Error: remote port forwarding failed for listen port 35474
Fri Aug 28 09:39:48 UTC 2026
Warning: Permanently added 'ssh9.vast.ai' (ED25519) to the list of known hosts.
Error: remote port forwarding failed for listen port 35474
Fri Aug 28 09:39:50 UTC 2026
Warning: Permanently added 'ssh9.vast.ai' (ED25519) to the list of known hosts.
Error: remote port forwarding failed for listen port 35474
Fri Aug 28 09:39:53 UTC 2026
Warning: Permanently added 'ssh9.vast.ai' (ED25519) to the list of known hosts.
Error: remote port forwarding failed for listen port 35474
Fri Aug 28 09:39:55 UTC 2026
Warning: Permanently added 'ssh9.vast.ai' (ED25519) to the list of known hosts.
Error: remote port forwarding failed for listen port 35474
Fri Aug 28 09:39:57 UTC 2026
Warning: Permanently added 'ssh9.vast.ai' (ED25519) to the list of known hosts.
Error: remote port forwarding failed for listen port 35474
Fri Aug 28 09:39:59 UTC 2026
Warning: Permanently added 'ssh9.vast.ai' (ED25519) to the list of known hosts.
Error: remote port forwarding failed for listen port 35474
Fri Aug 28 09:40:01 UTC 2026
Warning: Permanently added 'ssh9.vast.ai' (ED25519) to the list of known hosts.
Error: remote port forwarding failed for listen port 35474
Fri Aug 28 09:40:04 UTC 2026
Warning: Permanently added 'ssh9.vast.ai' (ED25519) to the list of known hosts.
Error: remote port forwarding failed for listen port 35474
Fri Aug 28 09:40:06 UTC 2026
Warning: Permanently added 'ssh9.vast.ai' (ED25519) to the list of known hosts.
Error: remote port forwarding failed for listen port 35474
Fri Aug 28 09:40:08 UTC 2026
Warning: Permanently added 'ssh9.vast.ai' (ED25519) to the list of known hosts.
Error: remote port forwarding failed for listen port 35474
Fri Aug 28 09:40:10 UTC 2026
Warning: Permanently added 'ssh9.vast.ai' (ED25519) to the list of known hosts.
Error: remote port forwarding failed for listen port 35474
Fri Aug 28 09:40:13 UTC 2026
Warning: Permanently added 'ssh9.vast.ai' (ED25519) to the list of known hosts.
Error: remote port forwarding failed for listen port 35474
Fri Aug 28 09:40:15 UTC 2026
Warning: Permanently added 'ssh9.vast.ai' (ED25519) to the list of known hosts.
Error: remote port forwarding failed for listen port 35474
Fri Aug 28 09:40:17 UTC 2026
Warning: Permanently added 'ssh9.vast.ai' (ED25519) to the list of known hosts.
Error: remote port forwarding failed for listen port 35474
Fri Aug 28 09:40:19 UTC 2026
Warning: Permanently added 'ssh9.vast.ai' (ED25519) to the list of known hosts.
Error: remote port forwarding failed for listen port 35474
Fri Aug 28 09:40:21 UTC 2026
Warning: Permanently added 'ssh9.vast.ai' (ED25519) to the list of known hosts.
Error: remote port forwarding failed for listen port 35474
Fri Aug 28 09:40:24 UTC 2026
Warning: Permanently added 'ssh9.vast.ai' (ED25519) to the list of known hosts.
Error: remote port forwarding failed for listen port 35474
Fri Aug 28 09:40:26 UTC 2026
Warning: Permanently added 'ssh9.vast.ai' (ED25519) to the list of known hosts.
Error: remote port forwarding failed for listen port 35474
Fri Aug 28 09:40:28 UTC 2026
Warning: Permanently added 'ssh9.vast.ai' (ED25519) to the list of known hosts.
Error: remote port forwarding failed for listen port 35474
Fri Aug 28 09:40:30 UTC 2026
Warning: Permanently added 'ssh9.vast.ai' (ED25519) to the list of known hosts.
Error: remote port forwarding failed for listen port 35474
Fri Aug 28 09:40:32 UTC 2026
Warning: Permanently added 'ssh9.vast.ai' (ED25519) to the list of known hosts.
Error: remote port forwarding failed for listen port 35474
Fri Aug 28 09:40:35 UTC 2026
Warning: Permanently added 'ssh9.vast.ai' (ED25519) to the list of known hosts.
Error: remote port forwarding failed for listen port 35474
Fri Aug 28 09:40:37 UTC 2026
Warning: Permanently added 'ssh9.vast.ai' (ED25519) to the list of known hosts.
Error: remote port forwarding failed for listen port 35474
Fri Aug 28 09:40:39 UTC 2026
Warning: Permanently added 'ssh9.vast.ai' (ED25519) to the list of known hosts.
Error: remote port forwarding failed for listen port 35474
Fri Aug 28 09:40:41 UTC 2026
Warning: Permanently added 'ssh9.vast.ai' (ED25519) to the list of known hosts.
Error: remote port forwarding failed for listen port 35474
Fri Aug 28 09:40:44 UTC 2026
Warning: Permanently added 'ssh9.vast.ai' (ED25519) to the list of known hosts.
Error: remote port forwarding failed for listen port 35474
Fri Aug 28 09:40:46 UTC 2026
Warning: Permanently added 'ssh9.vast.ai' (ED25519) to the list of known hosts.
Error: remote port forwarding failed for listen port 35474
Fri Aug 28 09:40:48 UTC 2026
Warning: Permanently added 'ssh9.vast.ai' (ED25519) to the list of known hosts.
Error: remote port forwarding failed for listen port 35474
Fri Aug 28 09:40:50 UTC 2026
Warning: Permanently added 'ssh9.vast.ai' (ED25519) to the list of known hosts.
Error: remote port forwarding failed for listen port 35474
Fri Aug 28 09:40:53 UTC 2026
Warning: Permanently added 'ssh9.vast.ai' (ED25519) to the list of known hosts.
Error: remote port forwarding failed for listen port 35474
Fri Aug 28 09:40:55 UTC 2026
Warning: Permanently added 'ssh9.vast.ai' (ED25519) to the list of known hosts.
Error: remote port forwarding failed for listen port 35474
Fri Aug 28 09:40:57 UTC 2026
Warning: Permanently added 'ssh9.vast.ai' (ED25519) to the list of known hosts.
Error: remote port forwarding failed for listen port 35474
Fri Aug 28 09:40:59 UTC 2026
Warning: Permanently added 'ssh9.vast.ai' (ED25519) to the list of known hosts.
Error: remote port forwarding failed for listen port 35474
Fri Aug 28 09:41:02 UTC 2026
Warning: Permanently added 'ssh9.vast.ai' (ED25519) to the list of known hosts.
Error: remote port forwarding failed for listen port 35474
Fri Aug 28 09:41:04 UTC 2026
Warning: Permanently added 'ssh9.vast.ai' (ED25519) to the list of known hosts.
Error: remote port forwarding failed for listen port 35474
Fri Aug 28 09:41:06 UTC 2026
Warning: Permanently added 'ssh9.vast.ai' (ED25519) to the list of known hosts.
Error: remote port forwarding failed for listen port 35474
Fri Aug 28 09:41:08 UTC 2026
Warning: Permanently added 'ssh9.vast.ai' (ED25519) to the list of known hosts.
Error: remote port forwarding failed for listen port 35474
Fri Aug 28 09:41:11 UTC 2026
Warning: Permanently added 'ssh9.vast.ai' (ED25519) to the list of known hosts.
Error: remote port forwarding failed for listen port 35474
Fri Aug 28 09:41:13 UTC 2026
Warning: Permanently added 'ssh9.vast.ai' (ED25519) to the list of known hosts.
Error: remote port forwarding failed for listen port 35474
Fri Aug 28 09:41:15 UTC 2026
Warning: Permanently added 'ssh9.vast.ai' (ED25519) to the list of known hosts.
Error: remote port forwarding failed for listen port 35474
Fri Aug 28 09:41:17 UTC 2026
Warning: Permanently added 'ssh9.vast.ai' (ED25519) to the list of known hosts.
Error: remote port forwarding failed for listen port 35474
Fri Aug 28 09:41:19 UTC 2026
Warning: Permanently added 'ssh9.vast.ai' (ED25519) to the list of known hosts.
Error: remote port forwarding failed for listen port 35474
Fri Aug 28 09:41:22 UTC 2026
Warning: Permanently added 'ssh9.vast.ai' (ED25519) to the list of known hosts.
Error: remote port forwarding failed for listen port 35474
Fri Aug 28 09:41:24 UTC 2026
Warning: Permanently added 'ssh9.vast.ai' (ED25519) to the list of known hosts.
Error: remote port forwarding failed for listen port 35474
Fri Aug 28 09:41:26 UTC 2026
Warning: Permanently added 'ssh9.vast.ai' (ED25519) to the list of known hosts.
Error: remote port forwarding failed for listen port 35474
Fri Aug 28 09:41:28 UTC 2026
Warning: Permanently added 'ssh9.vast.ai' (ED25519) to the list of known hosts.
Error: remote port forwarding failed for listen port 35474
Fri Aug 28 09:41:30 UTC 2026
Warning: Permanently added 'ssh9.vast.ai' (ED25519) to the list of known hosts.
Connection from 35.198.200.37 port 51632 on 172.17.0.2 port 22 rdomain ""
Error: remote port forwarding failed for listen port 35474
Fri Aug 28 09:41:33 UTC 2026
Warning: Permanently added 'ssh9.vast.ai' (ED25519) to the list of known hosts.
Authentication refused: bad ownership or modes for file /root/.ssh/authorized_keys
Failed publickey for root from 35.198.200.37 port 51632 ssh2: ED25519 SHA256:kCsqshNcuo2eLfBnOiPMH4xPqT/gKZ1zgwklXgKhOm8
Error: remote port forwarding failed for listen port 35474
Connection closed by authenticating user root 35.198.200.37 port 51632 [preauth]
Fri Aug 28 09:41:35 UTC 2026
Warning: Permanently added 'ssh9.vast.ai' (ED25519) to the list of known hosts.
Error: remote port forwarding failed for listen port 35474
Fri Aug 28 09:41:37 UTC 2026
Warning: Permanently added 'ssh9.vast.ai' (ED25519) to the list of known hosts.
Error: remote port forwarding failed for listen port 35474
Fri Aug 28 09:41:39 UTC 2026
Warning: Permanently added 'ssh9.vast.ai' (ED25519) to the list of known hosts.
Error: remote port forwarding failed for listen port 35474
Fri Aug 28 09:41:42 UTC 2026
Warning: Permanently added 'ssh9.vast.ai' (ED25519) to the list of known hosts.
Error: remote port forwarding failed for listen port 35474
Fri Aug 28 09:41:44 UTC 2026
Warning: Permanently added 'ssh9.vast.ai' (ED25519) to the list of known hosts.
Error: remote port forwarding failed for listen port 35474
Fri Aug 28 09:41:46 UTC 2026
Warning: Permanently added 'ssh9.vast.ai' (ED25519) to the list of known hosts.
Error: remote port forwarding failed for listen port 35474
Fri Aug 28 09:41:48 UTC 2026
Warning: Permanently added 'ssh9.vast.ai' (ED25519) to the list of known hosts.
Error: remote port forwarding failed for listen port 35474
Fri Aug 28 09:41:50 UTC 2026
Warning: Permanently added 'ssh9.vast.ai' (ED25519) to the list of known hosts.
Error: remote port forwarding failed for listen port 35474
Fri Aug 28 09:41:53 UTC 2026
Warning: Permanently added 'ssh9.vast.ai' (ED25519) to the list of known hosts.
Error: remote port forwarding failed for listen port 35474
Fri Aug 28 09:41:55 UTC 2026
Warning: Permanently added 'ssh9.vast.ai' (ED25519) to the list of known hosts.
Error: remote port forwarding failed for listen port 35474
Fri Aug 28 09:41:57 UTC 2026
Warning: Permanently added 'ssh9.vast.ai' (ED25519) to the list of known hosts.
Error: remote port forwarding failed for listen port 35474
Fri Aug 28 09:42:00 UTC 2026
Warning: Permanently added 'ssh9.vast.ai' (ED25519) to the list of known hosts.
Error: remote port forwarding failed for listen port 35474
Fri Aug 28 09:42:02 UTC 2026
Warning: Permanently added 'ssh9.vast.ai' (ED25519) to the list of known hosts.
Error: remote port forwarding failed for listen port 35474
Fri Aug 28 09:42:04 UTC 2026
Warning: Permanently added 'ssh9.vast.ai' (ED25519) to the list of known hosts.
Error: remote port forwarding failed for listen port 35474
Fri Aug 28 09:42:06 UTC 2026
Warning: Permanently added 'ssh9.vast.ai' (ED25519) to the list of known hosts.
Error: remote port forwarding failed for listen port 35474
Fri Aug 28 09:42:09 UTC 2026
Warning: Permanently added 'ssh9.vast.ai' (ED25519) to the list of known hosts.
Error: remote port forwarding failed for listen port 35474
Fri Aug 28 09:42:11 UTC 2026
Warning: Permanently added 'ssh9.vast.ai' (ED25519) to the list of known hosts.
Error: remote port forwarding failed for listen port 35474
Fri Aug 28 09:42:13 UTC 2026
Warning: Permanently added 'ssh9.vast.ai' (ED25519) to the list of known hosts.
Error: remote port forwarding failed for listen port 35474
Fri Aug 28 09:42:15 UTC 2026
Warning: Permanently added 'ssh9.vast.ai' (ED25519) to the list of known hosts.
Error: remote port forwarding failed for listen port 35474
Fri Aug 28 09:42:18 UTC 2026
Warning: Permanently added 'ssh9.vast.ai' (ED25519) to the list of known hosts.
Error: remote port forwarding failed for listen port 35474
Fri Aug 28 09:42:20 UTC 2026
Warning: Permanently added 'ssh9.vast.ai' (ED25519) to the list of known hosts.
Error: remote port forwarding failed for listen port 35474
Fri Aug 28 09:42:22 UTC 2026
Warning: Permanently added 'ssh9.vast.ai' (ED25519) to the list of known hosts.
Error: remote port forwarding failed for listen port 35474
Fri Aug 28 09:42:24 UTC 2026
Warning: Permanently added 'ssh9.vast.ai' (ED25519) to the list of known hosts.
Error: remote port forwarding failed for listen port 35474
Fri Aug 28 09:42:27 UTC 2026
Warning: Permanently added 'ssh9.vast.ai' (ED25519) to the list of known hosts.
Error: remote port forwarding failed for listen port 35474
Fri Aug 28 09:42:29 UTC 2026
Warning: Permanently added 'ssh9.vast.ai' (ED25519) to the list of known hosts.
Error: remote port forwarding failed for listen port 35474
Fri Aug 28 09:42:31 UTC 2026
Warning: Permanently added 'ssh9.vast.ai' (ED25519) to the list of known hosts.
Error: remote port forwarding failed for listen port 35474
Fri Aug 28 09:42:33 UTC 2026
Warning: Permanently added 'ssh9.vast.ai' (ED25519) to the list of known hosts.
Error: remote port forwarding failed for listen port 35474
Fri Aug 28 09:42:36 UTC 2026
Warning: Permanently added 'ssh9.vast.ai' (ED25519) to the list of known hosts.
Error: remote port forwarding failed for listen port 35474
Fri Aug 28 09:42:38 UTC 2026
Warning: Permanently added 'ssh9.vast.ai' (ED25519) to the list of known hosts.
Error: remote port forwarding failed for listen port 35474
Fri Aug 28 09:42:40 UTC 2026
Warning: Permanently added 'ssh9.vast.ai' (ED25519) to the list of known hosts.
Error: remote port forwarding failed for listen port 35474
Fri Aug 28 09:42:42 UTC 2026
Warning: Permanently added 'ssh9.vast.ai' (ED25519) to the list of known hosts.
Error: remote port forwarding failed for listen port 35474
Fri Aug 28 09:42:45 UTC 2026
Warning: Permanently added 'ssh9.vast.ai' (ED25519) to the list of known hosts.
Fri Aug 28 09:42:46 UTC 2026
Server listening on 0.0.0.0 port 22.
Server listening on :: port 22.
Fri Aug 28 09:42:46 UTC 2026
Warning: Permanently added 'ssh9.vast.ai' (ED25519) to the list of known hosts.
Error: remote port forwarding failed for listen port 35474
Fri Aug 28 09:42:48 UTC 2026
Warning: Permanently added 'ssh9.vast.ai' (ED25519) to the list of known hosts.
Error: remote port forwarding failed for listen port 35474
Fri Aug 28 09:42:51 UTC 2026
Warning: Permanently added 'ssh9.vast.ai' (ED25519) to the list of known hosts.
Error: remote port forwarding failed for listen port 35474
Fri Aug 28 09:42:53 UTC 2026
Warning: Permanently added 'ssh9.vast.ai' (ED25519) to the list of known hosts.
Error: remote port forwarding failed for listen port 35474
Fri Aug 28 09:42:55 UTC 2026
Warning: Permanently added 'ssh9.vast.ai' (ED25519) to the list of known hosts.
Error: remote port forwarding failed for listen port 35474
Fri Aug 28 09:42:57 UTC 2026
Warning: Permanently added 'ssh9.vast.ai' (ED25519) to the list of known hosts.
Error: remote port forwarding failed for listen port 35474
Fri Aug 28 09:43:00 UTC 2026
Warning: Permanently added 'ssh9.vast.ai' (ED25519) to the list of known hosts.
Error: remote port forwarding failed for listen port 35474
Fri Aug 28 09:43:02 UTC 2026
Warning: Permanently added 'ssh9.vast.ai' (ED25519) to the list of known hosts.
Error: remote port forwarding failed for listen port 35474
Fri Aug 28 09:43:04 UTC 2026
Warning: Permanently added 'ssh9.vast.ai' (ED25519) to the list of known hosts.
Error: remote port forwarding failed for listen port 35474
Fri Aug 28 09:43:06 UTC 2026
Warning: Permanently added 'ssh9.vast.ai' (ED25519) to the list of known hosts.
Error: remote port forwarding failed for listen port 35474
Fri Aug 28 09:43:08 UTC 2026
Warning: Permanently added 'ssh9.vast.ai' (ED25519) to the list of known hosts.
Error: remote port forwarding failed for listen port 35474
Fri Aug 28 09:43:11 UTC 2026
Warning: Permanently added 'ssh9.vast.ai' (ED25519) to the list of known hosts.
Error: remote port forwarding failed for listen port 35474
Fri Aug 28 09:43:13 UTC 2026
Warning: Permanently added 'ssh9.vast.ai' (ED25519) to the list of known hosts.
Error: remote port forwarding failed for listen port 35474
Fri Aug 28 09:43:15 UTC 2026
Warning: Permanently added 'ssh9.vast.ai' (ED25519) to the list of known hosts.
Error: remote port forwarding failed for listen port 35474
Fri Aug 28 09:43:17 UTC 2026
Warning: Permanently added 'ssh9.vast.ai' (ED25519) to the list of known hosts.
Error: remote port forwarding failed for listen port 35474
Fri Aug 28 09:43:20 UTC 2026
Warning: Permanently added 'ssh9.vast.ai' (ED25519) to the list of known hosts.
Error: remote port forwarding failed for listen port 35474
Fri Aug 28 09:43:22 UTC 2026
Warning: Permanently added 'ssh9.vast.ai' (ED25519) to the list of known hosts.
Error: remote port forwarding failed for listen port 35474
Fri Aug 28 09:43:24 UTC 2026
Warning: Permanently added 'ssh9.vast.ai' (ED25519) to the list of known hosts.
Error: remote port forwarding failed for listen port 35474
Fri Aug 28 09:43:26 UTC 2026
Warning: Permanently added 'ssh9.vast.ai' (ED25519) to the list of known hosts.
Error: remote port forwarding failed for listen port 35474
Fri Aug 28 09:43:29 UTC 2026
Warning: Permanently added 'ssh9.vast.ai' (ED25519) to the list of known hosts.
Error: remote port forwarding failed for listen port 35474
Fri Aug 28 09:43:31 UTC 2026
Warning: Permanently added 'ssh9.vast.ai' (ED25519) to the list of known hosts.
Error: remote port forwarding failed for listen port 35474
Fri Aug 28 09:43:33 UTC 2026
Warning: Permanently added 'ssh9.vast.ai' (ED25519) to the list of known hosts.
Error: remote port forwarding failed for listen port 35474
Fri Aug 28 09:43:35 UTC 2026
Warning: Permanently added 'ssh9.vast.ai' (ED25519) to the list of known hosts.
Error: remote port forwarding failed for listen port 35474
Fri Aug 28 09:43:37 UTC 2026
Warning: Permanently added 'ssh9.vast.ai' (ED25519) to the list of known hosts.
Error: remote port forwarding failed for listen port 35474
Fri Aug 28 09:43:40 UTC 2026
Warning: Permanently added 'ssh9.vast.ai' (ED25519) to the list of known hosts.
Error: remote port forwarding failed for listen port 35474
Fri Aug 28 09:43:42 UTC 2026
Warning: Permanently added 'ssh9.vast.ai' (ED25519) to the list of known hosts.
Error: remote port forwarding failed for listen port 35474
Fri Aug 28 09:43:44 UTC 2026
Warning: Permanently added 'ssh9.vast.ai' (ED25519) to the list of known hosts.
Error: remote port forwarding failed for listen port 35474
Fri Aug 28 09:43:46 UTC 2026
Warning: Permanently added 'ssh9.vast.ai' (ED25519) to the list of known hosts.
Error: remote port forwarding failed for listen port 35474
Fri Aug 28 09:43:49 UTC 2026
Warning: Permanently added 'ssh9.vast.ai' (ED25519) to the list of known hosts.
Error: remote port forwarding failed for listen port 35474
Fri Aug 28 09:43:51 UTC 2026
Warning: Permanently added 'ssh9.vast.ai' (ED25519) to the list of known hosts.
Error: remote port forwarding failed for listen port 35474
Fri Aug 28 09:43:53 UTC 2026
Warning: Permanently added 'ssh9.vast.ai' (ED25519) to the list of known hosts.
Error: remote port forwarding failed for listen port 35474
Fri Aug 28 09:43:55 UTC 2026
Warning: Permanently added 'ssh9.vast.ai' (ED25519) to the list of known hosts.
Error: remote port forwarding failed for listen port 35474
Fri Aug 28 09:43:58 UTC 2026
Warning: Permanently added 'ssh9.vast.ai' (ED25519) to the list of known hosts.
Error: remote port forwarding failed for listen port 35474
Fri Aug 28 09:44:00 UTC 2026
Warning: Permanently added 'ssh9.vast.ai' (ED25519) to the list of known hosts.
Error: remote port forwarding failed for listen port 35474
Fri Aug 28 09:44:02 UTC 2026
Warning: Permanently added 'ssh9.vast.ai' (ED25519) to the list of known hosts.
Error: remote port forwarding failed for listen port 35474
Fri Aug 28 09:44:04 UTC 2026
Warning: Permanently added 'ssh9.vast.ai' (ED25519) to the list of known hosts.
Error: remote port forwarding failed for listen port 35474
Fri Aug 28 09:44:06 UTC 2026
Warning: Permanently added 'ssh9.vast.ai' (ED25519) to the list of known hosts.
Error: remote port forwarding failed for listen port 35474
Fri Aug 28 09:44:09 UTC 2026
Warning: Permanently added 'ssh9.vast.ai' (ED25519) to the list of known hosts.
Error: remote port forwarding failed for listen port 35474
Fri Aug 28 09:44:11 UTC 2026
Warning: Permanently added 'ssh9.vast.ai' (ED25519) to the list of known hosts.
Error: remote port forwarding failed for listen port 35474
Fri Aug 28 09:44:13 UTC 2026
Warning: Permanently added 'ssh9.vast.ai' (ED25519) to the list of known hosts.
Error: remote port forwarding failed for listen port 35474
Fri Aug 28 09:44:15 UTC 2026
Warning: Permanently added 'ssh9.vast.ai' (ED25519) to the list of known hosts.
Error: remote port forwarding failed for listen port 35474
Fri Aug 28 09:44:18 UTC 2026
Warning: Permanently added 'ssh9.vast.ai' (ED25519) to the list of known hosts.
Error: remote port forwarding failed for listen port 35474
Fri Aug 28 09:44:20 UTC 2026
Warning: Permanently added 'ssh9.vast.ai' (ED25519) to the list of known hosts.
Error: remote port forwarding failed for listen port 35474
Fri Aug 28 09:44:22 UTC 2026
Warning: Permanently added 'ssh9.vast.ai' (ED25519) to the list of known hosts.
Error: remote port forwarding failed for listen port 35474
Fri Aug 28 09:44:24 UTC 2026
Warning: Permanently added 'ssh9.vast.ai' (ED25519) to the list of known hosts.
Fri Aug 28 09:44:26 UTC 2026
Server listening on 0.0.0.0 port 22.
Server listening on :: port 22.
Fri Aug 28 09:44:26 UTC 2026
Warning: Permanently added 'ssh9.vast.ai' (ED25519) to the list of known hosts.
Error: remote port forwarding failed for listen port 35474
Fri Aug 28 09:44:28 UTC 2026
Warning: Permanently added 'ssh9.vast.ai' (ED25519) to the list of known hosts.
Error: remote port forwarding failed for listen port 35474
Fri Aug 28 09:44:30 UTC 2026
Warning: Permanently added 'ssh9.vast.ai' (ED25519) to the list of known hosts.
Error: remote port forwarding failed for listen port 35474
Fri Aug 28 09:44:32 UTC 2026
Warning: Permanently added 'ssh9.vast.ai' (ED25519) to the list of known hosts.
Error: remote port forwarding failed for listen port 35474
Fri Aug 28 09:44:34 UTC 2026
Warning: Permanently added 'ssh9.vast.ai' (ED25519) to the list of known hosts.
Error: remote port forwarding failed for listen port 35474
Fri Aug 28 09:44:37 UTC 2026
Warning: Permanently added 'ssh9.vast.ai' (ED25519) to the list of known hosts.
Error: remote port forwarding failed for listen port 35474
Fri Aug 28 09:44:39 UTC 2026
Warning: Permanently added 'ssh9.vast.ai' (ED25519) to the list of known hosts.
Error: remote port forwarding failed for listen port 35474
Fri Aug 28 09:44:41 UTC 2026
Warning: Permanently added 'ssh9.vast.ai' (ED25519) to the list of known hosts.
Error: remote port forwarding failed for listen port 35474
Fri Aug 28 09:44:43 UTC 2026
Warning: Permanently added 'ssh9.vast.ai' (ED25519) to the list of known hosts.
Error: remote port forwarding failed for listen port 35474
Fri Aug 28 09:44:46 UTC 2026
Warning: Permanently added 'ssh9.vast.ai' (ED25519) to the list of known hosts.
Error: remote port forwarding failed for listen port 35474
Fri Aug 28 09:44:48 UTC 2026
Warning: Permanently added 'ssh9.vast.ai' (ED25519) to the list of known hosts.
Error: remote port forwarding failed for listen port 35474
Fri Aug 28 09:44:50 UTC 2026
Warning: Permanently added 'ssh9.vast.ai' (ED25519) to the list of known hosts.
Error: remote port forwarding failed for listen port 35474
Fri Aug 28 09:44:52 UTC 2026
Warning: Permanently added 'ssh9.vast.ai' (ED25519) to the list of known hosts.
Error: remote port forwarding failed for listen port 35474
Fri Aug 28 09:44:55 UTC 2026
Warning: Permanently added 'ssh9.vast.ai' (ED25519) to the list of known hosts.
Error: remote port forwarding failed for listen port 35474
Fri Aug 28 09:44:57 UTC 2026
Warning: Permanently added 'ssh9.vast.ai' (ED25519) to the list of known hosts.
Error: remote port forwarding failed for listen port 35474
Fri Aug 28 09:44:59 UTC 2026
Warning: Permanently added 'ssh9.vast.ai' (ED25519) to the list of known hosts.
Error: remote port forwarding failed for listen port 35474
Fri Aug 28 09:45:01 UTC 2026
Warning: Permanently added 'ssh9.vast.ai' (ED25519) to the list of known hosts.
Error: remote port forwarding failed for listen port 35474
Fri Aug 28 09:45:03 UTC 2026
Warning: Permanently added 'ssh9.vast.ai' (ED25519) to the list of known hosts.
Error: remote port forwarding failed for listen port 35474
Fri Aug 28 09:45:06 UTC 2026
Warning: Permanently added 'ssh9.vast.ai' (ED25519) to the list of known hosts.
Error: remote port forwarding failed for listen port 35474
Fri Aug 28 09:45:08 UTC 2026
Warning: Permanently added 'ssh9.vast.ai' (ED25519) to the list of known hosts.
Error: remote port forwarding failed for listen port 35474
Fri Aug 28 09:45:10 UTC 2026
Warning: Permanently added 'ssh9.vast.ai' (ED25519) to the list of known hosts.
Error: remote port forwarding failed for listen port 35474
Fri Aug 28 09:45:12 UTC 2026
Warning: Permanently added 'ssh9.vast.ai' (ED25519) to the list of known hosts.
Error: remote port forwarding failed for listen port 35474
Fri Aug 28 09:45:15 UTC 2026
Warning: Permanently added 'ssh9.vast.ai' (ED25519) to the list of known hosts.
Error: remote port forwarding failed for listen port 35474
Fri Aug 28 09:45:17 UTC 2026
Warning: Permanently added 'ssh9.vast.ai' (ED25519) to the list of known hosts.
Error: remote port forwarding failed for listen port 35474
Fri Aug 28 09:45:19 UTC 2026
Warning: Permanently added 'ssh9.vast.ai' (ED25519) to the list of known hosts.
Error: remote port forwarding failed for listen port 35474
Fri Aug 28 09:45:21 UTC 2026
Warning: Permanently added 'ssh9.vast.ai' (ED25519) to the list of known hosts.
Error: remote port forwarding failed for listen port 35474
Fri Aug 28 09:45:24 UTC 2026
Warning: Permanently added 'ssh9.vast.ai' (ED25519) to the list of known hosts.
Error: remote port forwarding failed for listen port 35474
Fri Aug 28 09:45:26 UTC 2026
Warning: Permanently added 'ssh9.vast.ai' (ED25519) to the list of known hosts.
Error: remote port forwarding failed for listen port 35474
Fri Aug 28 09:45:28 UTC 2026
Warning: Permanently added 'ssh9.vast.ai' (ED25519) to the list of known hosts.
Error: remote port forwarding failed for listen port 35474
Fri Aug 28 09:45:30 UTC 2026
Warning: Permanently added 'ssh9.vast.ai' (ED25519) to the list of known hosts.
Error: remote port forwarding failed for listen port 35474
Fri Aug 28 09:45:32 UTC 2026
Warning: Permanently added 'ssh9.vast.ai' (ED25519) to the list of known hosts.
Error: remote port forwarding failed for listen port 35474
Fri Aug 28 09:45:35 UTC 2026
Warning: Permanently added 'ssh9.vast.ai' (ED25519) to the list of known hosts.
Error: remote port forwarding failed for listen port 35474
Fri Aug 28 09:45:37 UTC 2026
Warning: Permanently added 'ssh9.vast.ai' (ED25519) to the list of known hosts.
Error: remote port forwarding failed for listen port 35474
Fri Aug 28 09:45:39 UTC 2026
Warning: Permanently added 'ssh9.vast.ai' (ED25519) to the list of known hosts.
Error: remote port forwarding failed for listen port 35474
Fri Aug 28 09:45:41 UTC 2026
Warning: Permanently added 'ssh9.vast.ai' (ED25519) to the list of known hosts.
Error: remote port forwarding failed for listen port 35474
Fri Aug 28 09:45:44 UTC 2026
Warning: Permanently added 'ssh9.vast.ai' (ED25519) to the list of known hosts.
Error: remote port forwarding failed for listen port 35474
Fri Aug 28 09:45:46 UTC 2026
Warning: Permanently added 'ssh9.vast.ai' (ED25519) to the list of known hosts.
Error: remote port forwarding failed for listen port 35474
Fri Aug 28 09:45:48 UTC 2026
Warning: Permanently added 'ssh9.vast.ai' (ED25519) to the list of known hosts.
Error: remote port forwarding failed for listen port 35474
Fri Aug 28 09:45:50 UTC 2026
Warning: Permanently added 'ssh9.vast.ai' (ED25519) to the list of known hosts.
Error: remote port forwarding failed for listen port 35474
Fri Aug 28 09:45:52 UTC 2026
Warning: Permanently added 'ssh9.vast.ai' (ED25519) to the list of known hosts.
Error: remote port forwarding failed for listen port 35474
Fri Aug 28 09:45:55 UTC 2026
Warning: Permanently added 'ssh9.vast.ai' (ED25519) to the list of known hosts.
Error: remote port forwarding failed for listen port 35474
Fri Aug 28 09:45:57 UTC 2026
Warning: Permanently added 'ssh9.vast.ai' (ED25519) to the list of known hosts.
Error: remote port forwarding failed for listen port 35474
Fri Aug 28 09:45:59 UTC 2026
Warning: Permanently added 'ssh9.vast.ai' (ED25519) to the list of known hosts.
Error: remote port forwarding failed for listen port 35474
Fri Aug 28 09:46:01 UTC 2026
Warning: Permanently added 'ssh9.vast.ai' (ED25519) to the list of known hosts.
Error: remote port forwarding failed for listen port 35474
Fri Aug 28 09:46:04 UTC 2026
Warning: Permanently added 'ssh9.vast.ai' (ED25519) to the list of known hosts.
Error: remote port forwarding failed for listen port 35474
Fri Aug 28 09:46:06 UTC 2026
Warning: Permanently added 'ssh9.vast.ai' (ED25519) to the list of known hosts.
Error: remote port forwarding failed for listen port 35474
Fri Aug 28 09:46:08 UTC 2026
Warning: Permanently added 'ssh9.vast.ai' (ED25519) to the list of known hosts.
Error: remote port forwarding failed for listen port 35474
Fri Aug 28 09:46:10 UTC 2026
Warning: Permanently added 'ssh9.vast.ai' (ED25519) to the list of known hosts.
Error: remote port forwarding failed for listen port 35474
Fri Aug 28 09:46:13 UTC 2026
Warning: Permanently added 'ssh9.vast.ai' (ED25519) to the list of known hosts.
Error: remote port forwarding failed for listen port 35474
Fri Aug 28 09:46:15 UTC 2026
Warning: Permanently added 'ssh9.vast.ai' (ED25519) to the list of known hosts.
Error: remote port forwarding failed for listen port 35474
Fri Aug 28 09:46:17 UTC 2026
Warning: Permanently added 'ssh9.vast.ai' (ED25519) to the list of known hosts.
Error: remote port forwarding failed for listen port 35474
Fri Aug 28 09:46:19 UTC 2026
Warning: Permanently added 'ssh9.vast.ai' (ED25519) to the list of known hosts.
Error: remote port forwarding failed for listen port 35474
Fri Aug 28 09:46:21 UTC 2026
Warning: Permanently added 'ssh9.vast.ai' (ED25519) to the list of known hosts.
